<?xml version="1.0" encoding="utf-8" ?>
<!DOCTYPE html PUBLIC "-//W3C//DTD XHTML 1.0 Transitional//EN" "http://www.w3.org/TR/xhtml1/DTD/xhtml1-transitional.dtd">
<html xmlns="http://www.w3.org/1999/xhtml" xml:lang="en" lang="en">
<head>
<meta http-equiv="Content-Type" content="text/html; charset=utf-8" />
<meta name="generator" content="Docutils 0.11: http://docutils.sourceforge.net/" />
<title></title>
<link rel="stylesheet" href="../input/data/html4css1.css" type="text/css" />
</head>
<body>
<div class="document">


<p>ab<em>cd</em>ef</p>
<p>ab*cd<em>e</em>f</p>
<p>ab<em>cd*e</em>f</p>
<p>ab<strong>cd</strong>ef</p>
<p><a href="#id1"><span class="problematic" id="id2">abc_</span></a>def</p>
<p>abc_def</p>
<p>ab*cd*ef</p>
<p>ab*cd*e*f</p>
<p>ab<em>cd</em>ef</p>
<p>ab*cd<em>e</em>f</p>
<div class="system-message">
<p class="system-message-title">System Message: ERROR/3 (<tt class="docutils">functional/input/no_inline_delimiters.txt</tt>, line 25)</p>
<p>Value for &quot;no-inline-delimiters&quot; directive should be &quot;yes&quot; or &quot;no&quot;: &quot;NO&quot;</p>
<pre class="literal-block">
.. no-inline-delimiters:: NO
</pre>
</div>
<div class="system-messages section">
<h1>Docutils System Messages</h1>
<div class="system-message" id="id1">
<p class="system-message-title">System Message: ERROR/3 (<tt class="docutils">functional/input/no_inline_delimiters.txt</tt>, line 9); <em><a href="#id2">backlink</a></em></p>
Unknown target name: &quot;abc&quot;.</div>
</div>
</div>
</body>
</html>
